#
# There is insufficient memory for the Java Runtime Environment to continue.
# Native memory allocation (mmap) failed to map 65536 bytes. Error detail: Failed to commit metaspace.
# Possible reasons:
#   The system is out of physical RAM or swap space
#   This process is running with CompressedOops enabled, and the Java Heap may be blocking the growth of the native heap
# Possible solutions:
#   Reduce memory load on the system
#   Increase physical memory or swap space
#   Check if swap backing store is full
#   Decrease Java heap size (-Xmx/-Xms)
#   Decrease number of Java threads
#   Decrease Java thread stack sizes (-Xss)
#   Set larger code cache with -XX:ReservedCodeCacheSize=
#   JVM is running with Unscaled Compressed Oops mode in which the Java heap is
#     placed in the first 4GB address space. The Java Heap base address is the
#     maximum limit for the native heap growth. Please use -XX:HeapBaseMinAddress
#     to set the Java Heap base and to place the Java Heap above 4GB virtual address.
# This output file may be truncated or incomplete.
#
#  Out of Memory Error (virtualSpaceNode.cpp:110), pid=18864, tid=27252
#
# JRE version: OpenJDK Runtime Environment Temurin-17.0.17+10 (17.0.17+10) (build 17.0.17+10)
# Java VM: OpenJDK 64-Bit Server VM Temurin-17.0.17+10 (17.0.17+10, mixed mode, tiered, compressed oops, compressed class ptrs, g1 gc, windows-amd64)
# No core dump will be written. Minidumps are not enabled by default on client versions of Windows
#

---------------  S U M M A R Y ------------

Command Line: -javaagent:C:\Users\HIMANI~1\AppData\Local\Temp\captureAgent1jars\debugger-agent.jar=file:///C:/Users/HIMANI~1/AppData/Local/Temp/capture8936070028664956757.props -ea -Didea.test.cyclic.buffer.size=1048576 -javaagent:D:\Temp\IntelliJ IDEA 2025.3.1\lib\idea_rt.jar=51461 -Dkotlinx.coroutines.debug.enable.creation.stack.trace=false -Ddebugger.agent.enable.coroutines=true -Dkotlinx.coroutines.debug.enable.flows.stack.trace=true -Dkotlinx.coroutines.debug.enable.mutable.state.flows.stack.trace=true -Ddebugger.async.stack.trace.for.all.threads=true -Dfile.encoding=UTF-8 com.intellij.rt.junit.JUnitStarter -ideVersion5 -junit6 com.example.roster.RoasterServiceApplicationTests,contextLoads

Host: AMD Ryzen 5 5600H with Radeon Graphics         , 12 cores, 7G,  Windows 11 , 64 bit Build 26100 (10.0.26100.7623)
Time: Tue Feb 17 16:11:26 2026 India Standard Time elapsed time: 0.348934 seconds (0d 0h 0m 0s)

---------------  T H R E A D  ---------------

Current thread (0x0000012548016680):  JavaThread "main" [_thread_in_vm, id=27252, stack(0x0000001866900000,0x0000001866a00000)]

Stack: [0x0000001866900000,0x0000001866a00000]
Native frames: (J=compiled Java code, j=interpreted, Vv=VM code, C=native code)
V  [jvm.dll+0x683fb9]
V  [jvm.dll+0x83a1b5]
V  [jvm.dll+0x83bc2e]
V  [jvm.dll+0x83c2b3]
V  [jvm.dll+0x248eff]
V  [jvm.dll+0x835f9d]
V  [jvm.dll+0x628abd]
V  [jvm.dll+0x1c0710]
V  [jvm.dll+0x62b432]
V  [jvm.dll+0x629476]
V  [jvm.dll+0x23dff4]
V  [jvm.dll+0x1eaf6f]
V  [jvm.dll+0x1e08d1]
V  [jvm.dll+0x5479d9]
V  [jvm.dll+0x1f177e]
V  [jvm.dll+0x7b389f]
V  [jvm.dll+0x7b4ced]
V  [jvm.dll+0x7b5038]
V  [jvm.dll+0x24091d]
V  [jvm.dll+0x240b5f]
V  [jvm.dll+0x565fa8]
V  [jvm.dll+0x568ebe]
V  [jvm.dll+0x388742]
V  [jvm.dll+0x387dec]
C  0x00000125570ba523

The last pc belongs to invokestatic (printed below).
Java frames: (J=compiled Java code, j=interpreted, Vv=VM code)
j  java.lang.invoke.LambdaForm.editor()Ljava/lang/invoke/LambdaFormEditor;+1 java.base@17.0.17
j  java.lang.invoke.BoundMethodHandle.editor()Ljava/lang/invoke/LambdaFormEditor;+4 java.base@17.0.17
j  java.lang.invoke.BoundMethodHandle.bindArgumentL(ILjava/lang/Object;)Ljava/lang/invoke/BoundMethodHandle;+1 java.base@17.0.17
j  java.lang.invoke.MethodHandle.bindArgumentL(ILjava/lang/Object;)Ljava/lang/invoke/BoundMethodHandle;+6 java.base@17.0.17
j  java.lang.invoke.MethodHandle.bindTo(Ljava/lang/Object;)Ljava/lang/invoke/MethodHandle;+15 java.base@17.0.17
j  java.lang.invoke.MethodHandles.constant(Ljava/lang/Class;Ljava/lang/Object;)Ljava/lang/invoke/MethodHandle;+84 java.base@17.0.17
j  java.lang.invoke.InnerClassLambdaMetafactory.buildCallSite()Ljava/lang/invoke/CallSite;+140 java.base@17.0.17
j  java.lang.invoke.LambdaMetafactory.metafactory(Ljava/lang/invoke/MethodHandles$Lookup;Ljava/lang/String;Ljava/lang/invoke/MethodType;Ljava/lang/invoke/MethodType;Ljava/lang/invoke/MethodHandle;Ljava/lang/invoke/MethodType;)Ljava/lang/invoke/CallSite;+67 java.base@17.0.17
j  java.lang.invoke.DirectMethodHandle$Holder.invokeStatic(Ljava/lang/Object;Ljava/lang/Object;Ljava/lang/Object;Ljava/lang/Object;Ljava/lang/Object;Ljava/lang/Object;Ljava/lang/Object;)Ljava/lang/Object;+20 java.base@17.0.17
j  java.lang.invoke.Invokers$Holder.invokeExact_MT(Ljava/lang/Object;Ljava/lang/Object;Ljava/lang/Object;Ljava/lang/Object;Ljava/lang/Object;Ljava/lang/Object;Ljava/lang/Object;Ljava/lang/Object;)Ljava/lang/Object;+28 java.base@17.0.17
j  java.lang.invoke.BootstrapMethodInvoker.invoke(Ljava/lang/Class;Ljava/lang/invoke/MethodHandle;Ljava/lang/String;Ljava/lang/Object;Ljava/lang/Object;Ljava/lang/Class;)Ljava/lang/Object;+319 java.base@17.0.17
j  java.lang.invoke.CallSite.makeSite(Ljava/lang/invoke/MethodHandle;Ljava/lang/String;Ljava/lang/invoke/MethodType;Ljava/lang/Object;Ljava/lang/Class;)Ljava/lang/invoke/CallSite;+8 java.base@17.0.17
j  java.lang.invoke.MethodHandleNatives.linkCallSiteImpl(Ljava/lang/Class;Ljava/lang/invoke/MethodHandle;Ljava/lang/String;Ljava/lang/invoke/MethodType;Ljava/lang/Object;[Ljava/lang/Object;)Ljava/lang/invoke/MemberName;+6 java.base@17.0.17
j  java.lang.invoke.MethodHandleNatives.linkCallSite(Ljava/lang/Object;ILjava/lang/Object;Ljava/lang/Object;Ljava/lang/Object;Ljava/lang/Object;[Ljava/lang/Object;)Ljava/lang/invoke/MemberName;+46 java.base@17.0.17
v  ~StubRoutines::call_stub
j  jdk.internal.module.DefaultRoots.compute(Ljava/lang/module/ModuleFinder;Ljava/lang/module/ModuleFinder;)Ljava/util/Set;+11 java.base@17.0.17
j  jdk.internal.module.ModuleBootstrap.boot2()Ljava/lang/ModuleLayer;+727 java.base@17.0.17
j  jdk.internal.module.ModuleBootstrap.boot()Ljava/lang/ModuleLayer;+64 java.base@17.0.17
j  java.lang.System.initPhase2(ZZ)I+0 java.base@17.0.17
v  ~StubRoutines::call_stub
invokestatic  184 invokestatic  [0x00000125570ba480, 0x00000125570ba760]  736 bytes
[MachCode]
  0x00000125570ba480: 4883 ec08 | c5fa 1104 | 24eb 1f48 | 83ec 10c5 | fb11 0424 | eb14 4883 | ec10 4889 | 0424 48c7 
  0x00000125570ba4a0: 4424 0800 | 0000 00eb | 0150 4c89 | 6dc0 410f | b755 0148 | 8b4d d0c1 | e202 8b5c | d120 c1eb 
  0x00000125570ba4c0: 1081 e3ff | 0000 0081 | fbb8 0000 | 000f 84b6 | 0000 00bb | b800 0000 | e805 0000 | 00e9 9b00 
  0x00000125570ba4e0: 0000 488b | d348 8d44 | 2408 4c89 | 6dc0 498b | cfc5 f877 | 4989 afa8 | 0200 0049 | 8987 9802 
  0x00000125570ba500: 0000 4883 | ec20 f7c4 | 0f00 0000 | 0f84 1a00 | 0000 4883 | ec08 49ba | 807d 9338 | fe7f 0000 
  0x00000125570ba520: 41ff d248 | 83c4 08e9 | 0d00 0000 | 49ba 807d | 9338 fe7f | 0000 41ff | d248 83c4 | 2049 c787 
  0x00000125570ba540: 9802 0000 | 0000 0000 | 49c7 87a8 | 0200 0000 | 0000 0049 | c787 a002 | 0000 0000 | 0000 c5f8 
  0x00000125570ba560: 7749 817f | 0800 0000 | 000f 8405 | 0000 00e9 | 8c69 feff | 4c8b 6dc0 | 4c8b 75c8 | c341 0fb7 
  0x00000125570ba580: 5501 488b | 4dd0 c1e2 | 0248 8b5c | d128 488b | 5b08 488b | 5b08 488b | 5b18 80bb | 3301 0000 
  0x00000125570ba5a0: 040f 840d | 0000 004c | 3bbb 3801 | 0000 0f85 | 1fff ffff | 488b 5cd1 | 288b 54d1 | 38c1 ea1c 
  0x00000125570ba5c0: 49ba 70f6 | 1539 fe7f | 0000 498b | 14d2 5248 | 8b45 d848 | 85c0 0f84 | 1200 0000 | 4883 4008 
  0x00000125570ba5e0: 0148 8358 | 0800 4883 | c010 4889 | 45d8 488b | 45d8 4885 | c00f 8445 | 0100 0080 | 78f0 0a0f 
  0x00000125570ba600: 853b 0100 | 0048 83c0 | 084c 8b68 | f841 83ed | 0041 83fd | 020f 8c1a | 0100 004c | 8b6b 0845 
  0x00000125570ba620: 0fb7 6d2c | 4c2b 2841 | 83ed 014e | 8b6c ec08 | 4d85 ed75 | 1248 f740 | 0801 0000 | 0075 58f0 
  0x00000125570ba640: 4883 4808 | 01eb 5045 | 8b6d 0849 | c1e5 034d | 8bd5 4c33 | 6808 49f7 | c5fc ffff | ff74 3849 
  0x00000125570ba660: f7c5 0200 | 0000 752f | 4881 7808 | 0000 0000 | 7421 4881 | 7808 0100 | 0000 7417 | 4d8b ea4c 
  0x00000125570ba680: 3368 0849 | f7c5 fcff | ffff 740b | 4883 4808 | 02eb 044c | 8968 0848 | 83c0 104c | 8b68 e841 
  0x00000125570ba6a0: 83ed 0241 | 83fd 020f | 8c88 0000 | 004c 8b6b | 0845 0fb7 | 6d2c 4c2b | 2841 83ed | 014e 8b6c 
  0x00000125570ba6c0: ec08 4d85 | ed75 1248 | f740 0801 | 0000 0075 | 58f0 4883 | 4808 01eb | 5045 8b6d | 0849 c1e5 
  0x00000125570ba6e0: 034d 8bd5 | 4c33 6808 | 49f7 c5fc | ffff ff74 | 3849 f7c5 | 0200 0000 | 752f 4881 | 7808 0000 
  0x00000125570ba700: 0000 7421 | 4881 7808 | 0100 0000 | 7417 4d8b | ea4c 3368 | 0849 f7c5 | fcff ffff | 740b 4883 
  0x00000125570ba720: 4808 02eb | 044c 8968 | 0848 83c0 | 104c 8b68 | d841 83ed | 0441 c1e5 | 0349 03c5 | 4889 45d8 
  0x00000125570ba740: 4c8d 6c24 | 084c 896d | f0ff 6350 | 0f1f 4000 | 0000 0000 | 0000 0000 | 0000 0000 | 0000 0000 
[/MachCode]

---------------  P R O C E S S  ---------------

Threads class SMR info:
_java_thread_list=0x00000125040546f0, length=10, elements={
0x0000012548016680, 0x00000125660ef660, 0x0000012504035f70, 0x000001250400e1e0,
0x000001250400eab0, 0x000001250400f380, 0x000001250405a040, 0x000001250405ac40,
0x000001250405f7b0, 0x0000012504062c40
}

Java Threads: ( => current thread )
=>0x0000012548016680 JavaThread "main" [_thread_in_vm, id=27252, stack(0x0000001866900000,0x0000001866a00000)]
  0x00000125660ef660 JavaThread "Reference Handler" daemon [_thread_blocked, id=15392, stack(0x0000001867000000,0x0000001867100000)]
  0x0000012504035f70 JavaThread "Finalizer" daemon [_thread_blocked, id=19720, stack(0x0000001867100000,0x0000001867200000)]
  0x000001250400e1e0 JavaThread "Signal Dispatcher" daemon [_thread_blocked, id=21480, stack(0x0000001867200000,0x0000001867300000)]
  0x000001250400eab0 JavaThread "Attach Listener" daemon [_thread_blocked, id=19176, stack(0x0000001867300000,0x0000001867400000)]
  0x000001250400f380 JavaThread "Service Thread" daemon [_thread_blocked, id=5008, stack(0x0000001867400000,0x0000001867500000)]
  0x000001250405a040 JavaThread "Monitor Deflation Thread" daemon [_thread_blocked, id=22260, stack(0x0000001867500000,0x0000001867600000)]
  0x000001250405ac40 JavaThread "C2 CompilerThread0" daemon [_thread_blocked, id=4424, stack(0x0000001867600000,0x0000001867700000)]
  0x000001250405f7b0 JavaThread "C1 CompilerThread0" daemon [_thread_blocked, id=18920, stack(0x0000001867700000,0x0000001867800000)]
  0x0000012504062c40 JavaThread "Sweeper thread" daemon [_thread_blocked, id=5624, stack(0x0000001867800000,0x0000001867900000)]

Other Threads:
  0x0000012504023600 VMThread "VM Thread" [stack: 0x0000001866f00000,0x0000001867000000] [id=20552]
  0x00000125480706c0 GCTaskThread "GC Thread#0" [stack: 0x0000001866a00000,0x0000001866b00000] [id=24504]
  0x0000012548081d40 ConcurrentGCThread "G1 Main Marker" [stack: 0x0000001866b00000,0x0000001866c00000] [id=19988]
  0x0000012548085360 ConcurrentGCThread "G1 Conc#0" [stack: 0x0000001866c00000,0x0000001866d00000] [id=5028]
  0x0000012565f9aa30 ConcurrentGCThread "G1 Refine#0" [stack: 0x0000001866d00000,0x0000001866e00000] [id=23616]
  0x0000012565f9cd30 ConcurrentGCThread "G1 Service" [stack: 0x0000001866e00000,0x0000001866f00000] [id=22156]

Threads with active compile tasks:

VM state: not at safepoint (normal execution)

VM Mutex/Monitor currently owned by a thread:  ([mutex/lock_event])
[0x0000012548012cf0] Metaspace_lock - owner thread: 0x0000012548016680

Heap address: 0x000000008a600000, size: 1882 MB, Compressed Oops mode: 32-bit

CDS archive(s) not mapped
Compressed class space mapped at: 0x0000000100000000-0x0000000140000000, reserved size: 1073741824
Narrow klass base: 0x0000000000000000, Narrow klass shift: 3, Narrow klass range: 0x140000000

GC Precious Log:
 CPUs: 12 total, 12 available
 Memory: 7521M
 Large Page Support: Disabled
 NUMA Support: Disabled
 Compressed Oops: Enabled (32-bit)
 Heap Region Size: 1M
 Heap Min Capacity: 8M
 Heap Initial Capacity: 118M
 Heap Max Capacity: 1882M
 Pre-touch: Disabled
 Parallel Workers: 10
 Concurrent Workers: 3
 Concurrent Refinement Workers: 10
 Periodic GC: Disabled

Heap:
 garbage-first heap   total 120832K, used 1024K [0x000000008a600000, 0x0000000100000000)
  region size 1024K, 2 young (2048K), 0 survivors (0K)
 Metaspace       used 4425K, committed 4480K, reserved 1114112K
  class space    used 333K, committed 384K, reserved 1048576K

Heap Regions: E=young(eden), S=young(survivor), O=old, HS=humongous(starts), HC=humongous(continues), CS=collection set, F=free, OA=open archive, CA=closed archive, TAMS=top-at-mark-start (previous, next)
|   0|0x000000008a600000, 0x000000008a600000, 0x000000008a700000|  0%| F|  |TAMS 0x000000008a600000, 0x000000008a600000| Untracked 
|   1|0x000000008a700000, 0x000000008a700000, 0x000000008a800000|  0%| F|  |TAMS 0x000000008a700000, 0x000000008a700000| Untracked 
|   2|0x000000008a800000, 0x000000008a800000, 0x000000008a900000|  0%| F|  |TAMS 0x000000008a800000, 0x000000008a800000| Untracked 
|   3|0x000000008a900000, 0x000000008a900000, 0x000000008aa00000|  0%| F|  |TAMS 0x000000008a900000, 0x000000008a900000| Untracked 
|   4|0x000000008aa00000, 0x000000008aa00000, 0x000000008ab00000|  0%| F|  |TAMS 0x000000008aa00000, 0x000000008aa00000| Untracked 
|   5|0x000000008ab00000, 0x000000008ab00000, 0x000000008ac00000|  0%| F|  |TAMS 0x000000008ab00000, 0x000000008ab00000| Untracked 
|   6|0x000000008ac00000, 0x000000008ac00000, 0x000000008ad00000|  0%| F|  |TAMS 0x000000008ac00000, 0x000000008ac00000| Untracked 
|   7|0x000000008ad00000, 0x000000008ad00000, 0x000000008ae00000|  0%| F|  |TAMS 0x000000008ad00000, 0x000000008ad00000| Untracked 
|   8|0x000000008ae00000, 0x000000008ae00000, 0x000000008af00000|  0%| F|  |TAMS 0x000000008ae00000, 0x000000008ae00000| Untracked 
|   9|0x000000008af00000, 0x000000008af00000, 0x000000008b000000|  0%| F|  |TAMS 0x000000008af00000, 0x000000008af00000| Untracked 
|  10|0x000000008b000000, 0x000000008b000000, 0x000000008b100000|  0%| F|  |TAMS 0x000000008b000000, 0x000000008b000000| Untracked 
|  11|0x000000008b100000, 0x000000008b100000, 0x000000008b200000|  0%| F|  |TAMS 0x000000008b100000, 0x000000008b100000| Untracked 
|  12|0x000000008b200000, 0x000000008b200000, 0x000000008b300000|  0%| F|  |TAMS 0x000000008b200000, 0x000000008b200000| Untracked 
|  13|0x000000008b300000, 0x000000008b300000, 0x000000008b400000|  0%| F|  |TAMS 0x000000008b300000, 0x000000008b300000| Untracked 
|  14|0x000000008b400000, 0x000000008b400000, 0x000000008b500000|  0%| F|  |TAMS 0x000000008b400000, 0x000000008b400000| Untracked 
|  15|0x000000008b500000, 0x000000008b500000, 0x000000008b600000|  0%| F|  |TAMS 0x000000008b500000, 0x000000008b500000| Untracked 
|  16|0x000000008b600000, 0x000000008b600000, 0x000000008b700000|  0%| F|  |TAMS 0x000000008b600000, 0x000000008b600000| Untracked 
|  17|0x000000008b700000, 0x000000008b700000, 0x000000008b800000|  0%| F|  |TAMS 0x000000008b700000, 0x000000008b700000| Untracked 
|  18|0x000000008b800000, 0x000000008b800000, 0x000000008b900000|  0%| F|  |TAMS 0x000000008b800000, 0x000000008b800000| Untracked 
|  19|0x000000008b900000, 0x000000008b900000, 0x000000008ba00000|  0%| F|  |TAMS 0x000000008b900000, 0x000000008b900000| Untracked 
|  20|0x000000008ba00000, 0x000000008ba00000, 0x000000008bb00000|  0%| F|  |TAMS 0x000000008ba00000, 0x000000008ba00000| Untracked 
|  21|0x000000008bb00000, 0x000000008bb00000, 0x000000008bc00000|  0%| F|  |TAMS 0x000000008bb00000, 0x000000008bb00000| Untracked 
|  22|0x000000008bc00000, 0x000000008bc00000, 0x000000008bd00000|  0%| F|  |TAMS 0x000000008bc00000, 0x000000008bc00000| Untracked 
|  23|0x000000008bd00000, 0x000000008bd00000, 0x000000008be00000|  0%| F|  |TAMS 0x000000008bd00000, 0x000000008bd00000| Untracked 
|  24|0x000000008be00000, 0x000000008be00000, 0x000000008bf00000|  0%| F|  |TAMS 0x000000008be00000, 0x000000008be00000| Untracked 
|  25|0x000000008bf00000, 0x000000008bf00000, 0x000000008c000000|  0%| F|  |TAMS 0x000000008bf00000, 0x000000008bf00000| Untracked 
|  26|0x000000008c000000, 0x000000008c000000, 0x000000008c100000|  0%| F|  |TAMS 0x000000008c000000, 0x000000008c000000| Untracked 
|  27|0x000000008c100000, 0x000000008c100000, 0x000000008c200000|  0%| F|  |TAMS 0x000000008c100000, 0x000000008c100000| Untracked 
|  28|0x000000008c200000, 0x000000008c200000, 0x000000008c300000|  0%| F|  |TAMS 0x000000008c200000, 0x000000008c200000| Untracked 
|  29|0x000000008c300000, 0x000000008c300000, 0x000000008c400000|  0%| F|  |TAMS 0x000000008c300000, 0x000000008c300000| Untracked 
|  30|0x000000008c400000, 0x000000008c400000, 0x000000008c500000|  0%| F|  |TAMS 0x000000008c400000, 0x000000008c400000| Untracked 
|  31|0x000000008c500000, 0x000000008c500000, 0x000000008c600000|  0%| F|  |TAMS 0x000000008c500000, 0x000000008c500000| Untracked 
|  32|0x000000008c600000, 0x000000008c600000, 0x000000008c700000|  0%| F|  |TAMS 0x000000008c600000, 0x000000008c600000| Untracked 
|  33|0x000000008c700000, 0x000000008c700000, 0x000000008c800000|  0%| F|  |TAMS 0x000000008c700000, 0x000000008c700000| Untracked 
|  34|0x000000008c800000, 0x000000008c800000, 0x000000008c900000|  0%| F|  |TAMS 0x000000008c800000, 0x000000008c800000| Untracked 
|  35|0x000000008c900000, 0x000000008c900000, 0x000000008ca00000|  0%| F|  |TAMS 0x000000008c900000, 0x000000008c900000| Untracked 
|  36|0x000000008ca00000, 0x000000008ca00000, 0x000000008cb00000|  0%| F|  |TAMS 0x000000008ca00000, 0x000000008ca00000| Untracked 
|  37|0x000000008cb00000, 0x000000008cb00000, 0x000000008cc00000|  0%| F|  |TAMS 0x000000008cb00000, 0x000000008cb00000| Untracked 
|  38|0x000000008cc00000, 0x000000008cc00000, 0x000000008cd00000|  0%| F|  |TAMS 0x000000008cc00000, 0x000000008cc00000| Untracked 
|  39|0x000000008cd00000, 0x000000008cd00000, 0x000000008ce00000|  0%| F|  |TAMS 0x000000008cd00000, 0x000000008cd00000| Untracked 
|  40|0x000000008ce00000, 0x000000008ce00000, 0x000000008cf00000|  0%| F|  |TAMS 0x000000008ce00000, 0x000000008ce00000| Untracked 
|  41|0x000000008cf00000, 0x000000008cf00000, 0x000000008d000000|  0%| F|  |TAMS 0x000000008cf00000, 0x000000008cf00000| Untracked 
|  42|0x000000008d000000, 0x000000008d000000, 0x000000008d100000|  0%| F|  |TAMS 0x000000008d000000, 0x000000008d000000| Untracked 
|  43|0x000000008d100000, 0x000000008d100000, 0x000000008d200000|  0%| F|  |TAMS 0x000000008d100000, 0x000000008d100000| Untracked 
|  44|0x000000008d200000, 0x000000008d200000, 0x000000008d300000|  0%| F|  |TAMS 0x000000008d200000, 0x000000008d200000| Untracked 
|  45|0x000000008d300000, 0x000000008d300000, 0x000000008d400000|  0%| F|  |TAMS 0x000000008d300000, 0x000000008d300000| Untracked 
|  46|0x000000008d400000, 0x000000008d400000, 0x000000008d500000|  0%| F|  |TAMS 0x000000008d400000, 0x000000008d400000| Untracked 
|  47|0x000000008d500000, 0x000000008d500000, 0x000000008d600000|  0%| F|  |TAMS 0x000000008d500000, 0x000000008d500000| Untracked 
|  48|0x000000008d600000, 0x000000008d600000, 0x000000008d700000|  0%| F|  |TAMS 0x000000008d600000, 0x000000008d600000| Untracked 
|  49|0x000000008d700000, 0x000000008d700000, 0x000000008d800000|  0%| F|  |TAMS 0x000000008d700000, 0x000000008d700000| Untracked 
|  50|0x000000008d800000, 0x000000008d800000, 0x000000008d900000|  0%| F|  |TAMS 0x000000008d800000, 0x000000008d800000| Untracked 
|  51|0x000000008d900000, 0x000000008d900000, 0x000000008da00000|  0%| F|  |TAMS 0x000000008d900000, 0x000000008d900000| Untracked 
|  52|0x000000008da00000, 0x000000008da00000, 0x000000008db00000|  0%| F|  |TAMS 0x000000008da00000, 0x000000008da00000| Untracked 
|  53|0x000000008db00000, 0x000000008db00000, 0x000000008dc00000|  0%| F|  |TAMS 0x000000008db00000, 0x000000008db00000| Untracked 
|  54|0x000000008dc00000, 0x000000008dc00000, 0x000000008dd00000|  0%| F|  |TAMS 0x000000008dc00000, 0x000000008dc00000| Untracked 
|  55|0x000000008dd00000, 0x000000008dd00000, 0x000000008de00000|  0%| F|  |TAMS 0x000000008dd00000, 0x000000008dd00000| Untracked 
|  56|0x000000008de00000, 0x000000008de00000, 0x000000008df00000|  0%| F|  |TAMS 0x000000008de00000, 0x000000008de00000| Untracked 
|  57|0x000000008df00000, 0x000000008df00000, 0x000000008e000000|  0%| F|  |TAMS 0x000000008df00000, 0x000000008df00000| Untracked 
|  58|0x000000008e000000, 0x000000008e000000, 0x000000008e100000|  0%| F|  |TAMS 0x000000008e000000, 0x000000008e000000| Untracked 
|  59|0x000000008e100000, 0x000000008e100000, 0x000000008e200000|  0%| F|  |TAMS 0x000000008e100000, 0x000000008e100000| Untracked 
|  60|0x000000008e200000, 0x000000008e200000, 0x000000008e300000|  0%| F|  |TAMS 0x000000008e200000, 0x000000008e200000| Untracked 
|  61|0x000000008e300000, 0x000000008e300000, 0x000000008e400000|  0%| F|  |TAMS 0x000000008e300000, 0x000000008e300000| Untracked 
|  62|0x000000008e400000, 0x000000008e400000, 0x000000008e500000|  0%| F|  |TAMS 0x000000008e400000, 0x000000008e400000| Untracked 
|  63|0x000000008e500000, 0x000000008e500000, 0x000000008e600000|  0%| F|  |TAMS 0x000000008e500000, 0x000000008e500000| Untracked 
|  64|0x000000008e600000, 0x000000008e600000, 0x000000008e700000|  0%| F|  |TAMS 0x000000008e600000, 0x000000008e600000| Untracked 
|  65|0x000000008e700000, 0x000000008e700000, 0x000000008e800000|  0%| F|  |TAMS 0x000000008e700000, 0x000000008e700000| Untracked 
|  66|0x000000008e800000, 0x000000008e800000, 0x000000008e900000|  0%| F|  |TAMS 0x000000008e800000, 0x000000008e800000| Untracked 
|  67|0x000000008e900000, 0x000000008e900000, 0x000000008ea00000|  0%| F|  |TAMS 0x000000008e900000, 0x000000008e900000| Untracked 
|  68|0x000000008ea00000, 0x000000008ea00000, 0x000000008eb00000|  0%| F|  |TAMS 0x000000008ea00000, 0x000000008ea00000| Untracked 
|  69|0x000000008eb00000, 0x000000008eb00000, 0x000000008ec00000|  0%| F|  |TAMS 0x000000008eb00000, 0x000000008eb00000| Untracked 
|  70|0x000000008ec00000, 0x000000008ec00000, 0x000000008ed00000|  0%| F|  |TAMS 0x000000008ec00000, 0x000000008ec00000| Untracked 
|  71|0x000000008ed00000, 0x000000008ed00000, 0x000000008ee00000|  0%| F|  |TAMS 0x000000008ed00000, 0x000000008ed00000| Untracked 
|  72|0x000000008ee00000, 0x000000008ee00000, 0x000000008ef00000|  0%| F|  |TAMS 0x000000008ee00000, 0x000000008ee00000| Untracked 
|  73|0x000000008ef00000, 0x000000008ef00000, 0x000000008f000000|  0%| F|  |TAMS 0x000000008ef00000, 0x000000008ef00000| Untracked 
|  74|0x000000008f000000, 0x000000008f000000, 0x000000008f100000|  0%| F|  |TAMS 0x000000008f000000, 0x000000008f000000| Untracked 
|  75|0x000000008f100000, 0x000000008f100000, 0x000000008f200000|  0%| F|  |TAMS 0x000000008f100000, 0x000000008f100000| Untracked 
|  76|0x000000008f200000, 0x000000008f200000, 0x000000008f300000|  0%| F|  |TAMS 0x000000008f200000, 0x000000008f200000| Untracked 
|  77|0x000000008f300000, 0x000000008f300000, 0x000000008f400000|  0%| F|  |TAMS 0x000000008f300000, 0x000000008f300000| Untracked 
|  78|0x000000008f400000, 0x000000008f400000, 0x000000008f500000|  0%| F|  |TAMS 0x000000008f400000, 0x000000008f400000| Untracked 
|  79|0x000000008f500000, 0x000000008f500000, 0x000000008f600000|  0%| F|  |TAMS 0x000000008f500000, 0x000000008f500000| Untracked 
|  80|0x000000008f600000, 0x000000008f600000, 0x000000008f700000|  0%| F|  |TAMS 0x000000008f600000, 0x000000008f600000| Untracked 
|  81|0x000000008f700000, 0x000000008f700000, 0x000000008f800000|  0%| F|  |TAMS 0x000000008f700000, 0x000000008f700000| Untracked 
|  82|0x000000008f800000, 0x000000008f800000, 0x000000008f900000|  0%| F|  |TAMS 0x000000008f800000, 0x000000008f800000| Untracked 
|  83|0x000000008f900000, 0x000000008f900000, 0x000000008fa00000|  0%| F|  |TAMS 0x000000008f900000, 0x000000008f900000| Untracked 
|  84|0x000000008fa00000, 0x000000008fa00000, 0x000000008fb00000|  0%| F|  |TAMS 0x000000008fa00000, 0x000000008fa00000| Untracked 
|  85|0x000000008fb00000, 0x000000008fb00000, 0x000000008fc00000|  0%| F|  |TAMS 0x000000008fb00000, 0x000000008fb00000| Untracked 
|  86|0x000000008fc00000, 0x000000008fc00000, 0x000000008fd00000|  0%| F|  |TAMS 0x000000008fc00000, 0x000000008fc00000| Untracked 
|  87|0x000000008fd00000, 0x000000008fd00000, 0x000000008fe00000|  0%| F|  |TAMS 0x000000008fd00000, 0x000000008fd00000| Untracked 
|  88|0x000000008fe00000, 0x000000008fe00000, 0x000000008ff00000|  0%| F|  |TAMS 0x000000008fe00000, 0x000000008fe00000| Untracked 
|  89|0x000000008ff00000, 0x000000008ff00000, 0x0000000090000000|  0%| F|  |TAMS 0x000000008ff00000, 0x000000008ff00000| Untracked 
|  90|0x0000000090000000, 0x0000000090000000, 0x0000000090100000|  0%| F|  |TAMS 0x0000000090000000, 0x0000000090000000| Untracked 
|  91|0x0000000090100000, 0x0000000090100000, 0x0000000090200000|  0%| F|  |TAMS 0x0000000090100000, 0x0000000090100000| Untracked 
|  92|0x0000000090200000, 0x0000000090200000, 0x0000000090300000|  0%| F|  |TAMS 0x0000000090200000, 0x0000000090200000| Untracked 
|  93|0x0000000090300000, 0x0000000090300000, 0x0000000090400000|  0%| F|  |TAMS 0x0000000090300000, 0x0000000090300000| Untracked 
|  94|0x0000000090400000, 0x0000000090400000, 0x0000000090500000|  0%| F|  |TAMS 0x0000000090400000, 0x0000000090400000| Untracked 
|  95|0x0000000090500000, 0x0000000090500000, 0x0000000090600000|  0%| F|  |TAMS 0x0000000090500000, 0x0000000090500000| Untracked 
|  96|0x0000000090600000, 0x0000000090600000, 0x0000000090700000|  0%| F|  |TAMS 0x0000000090600000, 0x0000000090600000| Untracked 
|  97|0x0000000090700000, 0x0000000090700000, 0x0000000090800000|  0%| F|  |TAMS 0x0000000090700000, 0x0000000090700000| Untracked 
|  98|0x0000000090800000, 0x0000000090800000, 0x0000000090900000|  0%| F|  |TAMS 0x0000000090800000, 0x0000000090800000| Untracked 
|  99|0x0000000090900000, 0x0000000090900000, 0x0000000090a00000|  0%| F|  |TAMS 0x0000000090900000, 0x0000000090900000| Untracked 
| 100|0x0000000090a00000, 0x0000000090a00000, 0x0000000090b00000|  0%| F|  |TAMS 0x0000000090a00000, 0x0000000090a00000| Untracked 
| 101|0x0000000090b00000, 0x0000000090b00000, 0x0000000090c00000|  0%| F|  |TAMS 0x0000000090b00000, 0x0000000090b00000| Untracked 
| 102|0x0000000090c00000, 0x0000000090c00000, 0x0000000090d00000|  0%| F|  |TAMS 0x0000000090c00000, 0x0000000090c00000| Untracked 
| 103|0x0000000090d00000, 0x0000000090d00000, 0x0000000090e00000|  0%| F|  |TAMS 0x0000000090d00000, 0x0000000090d00000| Untracked 
| 104|0x0000000090e00000, 0x0000000090e00000, 0x0000000090f00000|  0%| F|  |TAMS 0x0000000090e00000, 0x0000000090e00000| Untracked 
| 105|0x0000000090f00000, 0x0000000090f00000, 0x0000000091000000|  0%| F|  |TAMS 0x0000000090f00000, 0x0000000090f00000| Untracked 
| 106|0x0000000091000000, 0x0000000091000000, 0x0000000091100000|  0%| F|  |TAMS 0x0000000091000000, 0x0000000091000000| Untracked 
| 107|0x0000000091100000, 0x0000000091100000, 0x0000000091200000|  0%| F|  |TAMS 0x0000000091100000, 0x0000000091100000| Untracked 
| 108|0x0000000091200000, 0x0000000091200000, 0x0000000091300000|  0%| F|  |TAMS 0x0000000091200000, 0x0000000091200000| Untracked 
| 109|0x0000000091300000, 0x0000000091300000, 0x0000000091400000|  0%| F|  |TAMS 0x0000000091300000, 0x0000000091300000| Untracked 
| 110|0x0000000091400000, 0x0000000091400000, 0x0000000091500000|  0%| F|  |TAMS 0x0000000091400000, 0x0000000091400000| Untracked 
| 111|0x0000000091500000, 0x0000000091500000, 0x0000000091600000|  0%| F|  |TAMS 0x0000000091500000, 0x0000000091500000| Untracked 
| 112|0x0000000091600000, 0x0000000091600000, 0x0000000091700000|  0%| F|  |TAMS 0x0000000091600000, 0x0000000091600000| Untracked 
| 113|0x0000000091700000, 0x0000000091700000, 0x0000000091800000|  0%| F|  |TAMS 0x0000000091700000, 0x0000000091700000| Untracked 
| 114|0x0000000091800000, 0x0000000091800000, 0x0000000091900000|  0%| F|  |TAMS 0x0000000091800000, 0x0000000091800000| Untracked 
| 115|0x0000000091900000, 0x0000000091900000, 0x0000000091a00000|  0%| F|  |TAMS 0x0000000091900000, 0x0000000091900000| Untracked 
| 116|0x0000000091a00000, 0x0000000091aebaf0, 0x0000000091b00000| 92%| E|  |TAMS 0x0000000091a00000, 0x0000000091a00000| Complete 
| 117|0x0000000091b00000, 0x0000000091c00000, 0x0000000091c00000|100%| E|CS|TAMS 0x0000000091b00000, 0x0000000091b00000| Complete 

Card table byte_map: [0x000001255f480000,0x000001255f830000] _byte_map_base: 0x000001255f02d000

Marking Bits (Prev, Next): (CMBitMap*) 0x0000012548071c00, (CMBitMap*) 0x0000012548071c40
 Prev Bits: [0x000001255fbe0000, 0x0000012561948000)
 Next Bits: [0x0000012561950000, 0x00000125636b8000)

Polling page: 0x0000012545f00000

Metaspace:

Usage:
  Non-class:      4.00 MB used.
      Class:    333.88 KB used.
       Both:      4.32 MB used.

Virtual space:
  Non-class space:       64.00 MB reserved,       4.00 MB (  6%) committed,  1 nodes.
      Class space:        1.00 GB reserved,     384.00 KB ( <1%) committed,  1 nodes.
             Both:        1.06 GB reserved,       4.38 MB ( <1%) committed. 

Chunk freelists:
   Non-Class:  11.00 MB
       Class:  15.62 MB
        Both:  26.62 MB

MaxMetaspaceSize: unlimited
CompressedClassSpaceSize: 1.00 GB
Initial GC threshold: 21.00 MB
Current GC threshold: 21.00 MB
CDS: off
MetaspaceReclaimPolicy: balanced
 - commit_granule_bytes: 65536.
 - commit_granule_words: 8192.
 - virtual_space_node_default_size: 8388608.
 - enlarge_chunks_in_place: 1.
 - new_chunks_are_fully_committed: 0.
 - uncommit_free_chunks: 1.
 - use_allocation_guard: 0.
 - handle_deallocations: 1.


Internal statistics:

num_allocs_failed_limit: 0.
num_arena_births: 2.
num_arena_deaths: 0.
num_vsnodes_births: 2.
num_vsnodes_deaths: 0.
num_space_committed: 70.
num_space_uncommitted: 0.
num_chunks_returned_to_freelist: 0.
num_chunks_taken_from_freelist: 4.
num_chunk_merges: 0.
num_chunk_splits: 3.
num_chunks_enlarged: 0.
num_inconsistent_stats: 0.

CodeHeap 'non-profiled nmethods': size=120000Kb used=24Kb max_used=24Kb free=119975Kb
 bounds [0x0000012557640000, 0x00000125578b0000, 0x000001255eb70000]
CodeHeap 'profiled nmethods': size=120000Kb used=124Kb max_used=124Kb free=119875Kb
 bounds [0x000001254fb70000, 0x000001254fde0000, 0x00000125570a0000]
CodeHeap 'non-nmethods': size=5760Kb used=1070Kb max_used=1070Kb free=4689Kb
 bounds [0x00000125570a0000, 0x0000012557310000, 0x0000012557640000]
 total_blobs=416 nmethods=82 adapters=247
 compilation: enabled
              stopped_count=0, restarted_count=0
 full_count=0

Compilation events (20 events):
Event: 0.287 Thread 0x000001250405f7b0 nmethod 61 0x0000012557642b10 code [0x0000012557642ca0, 0x0000012557642d78]
Event: 0.287 Thread 0x000001250405ac40 nmethod 62% 0x0000012557642e10 code [0x0000012557642fa0, 0x0000012557643238]
Event: 0.300 Thread 0x000001250405f7b0   64       3       java.util.ImmutableCollections$SetN$SetNIterator::hasNext (13 bytes)
Event: 0.300 Thread 0x000001250405f7b0 nmethod 64 0x000001254fb8a790 code [0x000001254fb8a920, 0x000001254fb8aa78]
Event: 0.300 Thread 0x000001250405f7b0   67       3       java.util.concurrent.ConcurrentHashMap::tabAt (22 bytes)
Event: 0.301 Thread 0x000001250405f7b0 nmethod 67 0x000001254fb8ab10 code [0x000001254fb8acc0, 0x000001254fb8af78]
Event: 0.301 Thread 0x000001250405f7b0   68       3       jdk.internal.misc.Unsafe::getReferenceAcquire (7 bytes)
Event: 0.301 Thread 0x000001250405f7b0 nmethod 68 0x000001254fb8b090 code [0x000001254fb8b220, 0x000001254fb8b378]
Event: 0.301 Thread 0x000001250405f7b0   69       3       java.util.concurrent.ConcurrentHashMap::spread (10 bytes)
Event: 0.301 Thread 0x000001250405f7b0 nmethod 69 0x000001254fb8b410 code [0x000001254fb8b5a0, 0x000001254fb8b698]
Event: 0.325 Thread 0x000001250405f7b0   73       1       java.lang.Enum::ordinal (5 bytes)
Event: 0.326 Thread 0x000001250405f7b0 nmethod 73 0x0000012557644c10 code [0x0000012557644da0, 0x0000012557644e78]
Event: 0.327 Thread 0x000001250405f7b0   75       3       java.util.concurrent.ConcurrentHashMap::addCount (280 bytes)
Event: 0.328 Thread 0x000001250405f7b0 nmethod 75 0x000001254fb8b710 code [0x000001254fb8b960, 0x000001254fb8c288]
Event: 0.328 Thread 0x000001250405f7b0   76   !   3       java.util.concurrent.ConcurrentHashMap::putVal (432 bytes)
Event: 0.329 Thread 0x000001250405f7b0 nmethod 76 0x000001254fb8c590 code [0x000001254fb8c900, 0x000001254fb8e348]
Event: 0.329 Thread 0x000001250405f7b0   77       3       java.util.concurrent.ConcurrentHashMap$Node::<init> (20 bytes)
Event: 0.330 Thread 0x000001250405f7b0 nmethod 77 0x000001254fb8ed10 code [0x000001254fb8eec0, 0x000001254fb8f0f8]
Event: 0.340 Thread 0x000001250405f7b0   80       1       java.lang.Class::getClassLoader0 (5 bytes)
Event: 0.340 Thread 0x000001250405f7b0 nmethod 80 0x0000012557645810 code [0x00000125576459a0, 0x0000012557645a78]

GC Heap History (0 events):
No events

Dll operation events (3 events):
Event: 0.018 Loaded shared library C:\Program Files\Eclipse Adoptium\jdk-17.0.17.10-hotspot\bin\java.dll
Event: 0.021 Loaded shared library C:\Program Files\Eclipse Adoptium\jdk-17.0.17.10-hotspot\bin\zip.dll
Event: 0.067 Loaded shared library C:\Program Files\Eclipse Adoptium\jdk-17.0.17.10-hotspot\bin\jsvml.dll

Deoptimization events (0 events):
No events

Classes loaded (20 events):
Event: 0.343 Loading class java/lang/NoSuchFieldException done
Event: 0.343 Loading class java/lang/invoke/BoundMethodHandle$Species_L
Event: 0.343 Loading class java/lang/invoke/BoundMethodHandle$Species_L done
Event: 0.344 Loading class sun/invoke/util/VerifyType
Event: 0.344 Loading class sun/invoke/util/VerifyType done
Event: 0.344 Loading class sun/invoke/empty/Empty
Event: 0.344 Loading class sun/invoke/empty/Empty done
Event: 0.344 Loading class java/lang/invoke/DirectMethodHandle$2
Event: 0.344 Loading class java/lang/invoke/DirectMethodHandle$2 done
Event: 0.345 Loading class java/lang/invoke/DirectMethodHandle$Accessor
Event: 0.345 Loading class java/lang/invoke/DirectMethodHandle$Accessor done
Event: 0.345 Loading class java/lang/invoke/MethodHandleImpl$IntrinsicMethodHandle
Event: 0.345 Loading class java/lang/invoke/DelegatingMethodHandle
Event: 0.345 Loading class java/lang/invoke/DelegatingMethodHandle done
Event: 0.345 Loading class java/lang/invoke/MethodHandleImpl$IntrinsicMethodHandle done
Event: 0.345 Loading class java/lang/invoke/DelegatingMethodHandle$Holder
Event: 0.346 Loading class java/lang/invoke/DelegatingMethodHandle$Holder done
Event: 0.346 Loading class sun/invoke/util/Wrapper$1
Event: 0.346 Loading class sun/invoke/util/Wrapper$1 done
Event: 0.346 Loading class java/lang/invoke/LambdaFormEditor

Classes unloaded (0 events):
No events

Classes redefined (0 events):
No events

Internal exceptions (0 events):
No events

VM Operations (0 events):
No events

Memory protections (0 events):
No events

Nmethod flushes (0 events):
No events

Events (10 events):
Event: 0.068 Thread 0x0000012548016680 Thread added: 0x0000012548016680
Event: 0.090 Thread 0x0000012548016680 Thread added: 0x00000125660ef660
Event: 0.090 Thread 0x0000012548016680 Thread added: 0x0000012504035f70
Event: 0.114 Thread 0x0000012548016680 Thread added: 0x000001250400e1e0
Event: 0.115 Thread 0x0000012548016680 Thread added: 0x000001250400eab0
Event: 0.115 Thread 0x0000012548016680 Thread added: 0x000001250400f380
Event: 0.115 Thread 0x0000012548016680 Thread added: 0x000001250405a040
Event: 0.115 Thread 0x0000012548016680 Thread added: 0x000001250405ac40
Event: 0.115 Thread 0x0000012548016680 Thread added: 0x000001250405f7b0
Event: 0.115 Thread 0x0000012548016680 Thread added: 0x0000012504062c40


Dynamic libraries:
0x00007ff6a9a20000 - 0x00007ff6a9a2e000 	C:\Program Files\Eclipse Adoptium\jdk-17.0.17.10-hotspot\bin\java.exe
0x00007ffe8cc00000 - 0x00007ffe8ce67000 	C:\WINDOWS\SYSTEM32\ntdll.dll
0x00007ffe8c000000 - 0x00007ffe8c0c9000 	C:\WINDOWS\System32\KERNEL32.DLL
0x00007ffe8a5a0000 - 0x00007ffe8a98f000 	C:\WINDOWS\System32\KERNELBASE.dll
0x00007ffe8a080000 - 0x00007ffe8a1cb000 	C:\WINDOWS\System32\ucrtbase.dll
0x00007ffe727b0000 - 0x00007ffe727c8000 	C:\Program Files\Eclipse Adoptium\jdk-17.0.17.10-hotspot\bin\jli.dll
0x00007ffe6a380000 - 0x00007ffe6a39e000 	C:\Program Files\Eclipse Adoptium\jdk-17.0.17.10-hotspot\bin\VCRUNTIME140.dll
0x00007ffe8ac40000 - 0x00007ffe8ae05000 	C:\WINDOWS\System32\USER32.dll
0x00007ffe6e1b0000 - 0x00007ffe6e443000 	C:\WINDOWS\WinSxS\amd64_microsoft.windows.common-controls_6595b64144ccf1df_6.0.26100.7309_none_3e05feeae336a044\COMCTL32.dll
0x00007ffe8a350000 - 0x00007ffe8a377000 	C:\WINDOWS\System32\win32u.dll
0x00007ffe8bb80000 - 0x00007ffe8bc29000 	C:\WINDOWS\System32\msvcrt.dll
0x00007ffe8c4c0000 - 0x00007ffe8c4eb000 	C:\WINDOWS\System32\GDI32.dll
0x00007ffe89f50000 - 0x00007ffe8a07c000 	C:\WINDOWS\System32\gdi32full.dll
0x00007ffe89d50000 - 0x00007ffe89df3000 	C:\WINDOWS\System32\msvcp_win.dll
0x00007ffe8c360000 - 0x00007ffe8c391000 	C:\WINDOWS\System32\IMM32.DLL
0x00007ffe834a0000 - 0x00007ffe834ac000 	C:\Program Files\Eclipse Adoptium\jdk-17.0.17.10-hotspot\bin\vcruntime140_1.dll
0x00007ffe5e0d0000 - 0x00007ffe5e15d000 	C:\Program Files\Eclipse Adoptium\jdk-17.0.17.10-hotspot\bin\msvcp140.dll
0x00007ffe385b0000 - 0x00007ffe3921b000 	C:\Program Files\Eclipse Adoptium\jdk-17.0.17.10-hotspot\bin\server\jvm.dll
0x00007ffe8be90000 - 0x00007ffe8bf44000 	C:\WINDOWS\System32\ADVAPI32.dll
0x00007ffe8bf50000 - 0x00007ffe8bff6000 	C:\WINDOWS\System32\sechost.dll
0x00007ffe8a9b0000 - 0x00007ffe8aac8000 	C:\WINDOWS\System32\RPCRT4.dll
0x00007ffe8c280000 - 0x00007ffe8c2f4000 	C:\WINDOWS\System32\WS2_32.dll
0x00007ffe88980000 - 0x00007ffe889de000 	C:\WINDOWS\SYSTEM32\POWRPROF.dll
0x00007ffe817e0000 - 0x00007ffe81815000 	C:\WINDOWS\SYSTEM32\WINMM.dll
0x00007ffe88740000 - 0x00007ffe8874b000 	C:\WINDOWS\SYSTEM32\VERSION.dll
0x00007ffe88960000 - 0x00007ffe88974000 	C:\WINDOWS\SYSTEM32\UMPDC.dll
0x00007ffe88b80000 - 0x00007ffe88b9b000 	C:\WINDOWS\SYSTEM32\kernel.appcore.dll
0x00007ffe72990000 - 0x00007ffe7299a000 	C:\Program Files\Eclipse Adoptium\jdk-17.0.17.10-hotspot\bin\jimage.dll
0x00007ffe81f50000 - 0x00007ffe82192000 	C:\WINDOWS\SYSTEM32\DBGHELP.DLL
0x00007ffe8c4f0000 - 0x00007ffe8c876000 	C:\WINDOWS\System32\combase.dll
0x00007ffe8ab60000 - 0x00007ffe8ac36000 	C:\WINDOWS\System32\OLEAUT32.dll
0x00007ffe6daf0000 - 0x00007ffe6db2c000 	C:\WINDOWS\SYSTEM32\dbgcore.DLL
0x00007ffe8a380000 - 0x00007ffe8a425000 	C:\WINDOWS\System32\bcryptPrimitives.dll
0x00007ffe5e030000 - 0x00007ffe5e03e000 	C:\Program Files\Eclipse Adoptium\jdk-17.0.17.10-hotspot\bin\instrument.dll
0x00007ffe5e0a0000 - 0x00007ffe5e0c5000 	C:\Program Files\Eclipse Adoptium\jdk-17.0.17.10-hotspot\bin\java.dll
0x00007ffe5e060000 - 0x00007ffe5e078000 	C:\Program Files\Eclipse Adoptium\jdk-17.0.17.10-hotspot\bin\zip.dll
0x00007ffe3b9c0000 - 0x00007ffe3ba97000 	C:\Program Files\Eclipse Adoptium\jdk-17.0.17.10-hotspot\bin\jsvml.dll
0x00007ffe8ae10000 - 0x00007ffe8b563000 	C:\WINDOWS\System32\SHELL32.dll
0x00007ffe8a430000 - 0x00007ffe8a59a000 	C:\WINDOWS\System32\wintypes.dll
0x00007ffe87720000 - 0x00007ffe87f7e000 	C:\WINDOWS\SYSTEM32\windows.storage.dll
0x00007ffe8c8d0000 - 0x00007ffe8c9c5000 	C:\WINDOWS\System32\SHCORE.dll
0x00007ffe8b670000 - 0x00007ffe8b6d6000 	C:\WINDOWS\System32\shlwapi.dll
0x00007ffe89c70000 - 0x00007ffe89c99000 	C:\WINDOWS\SYSTEM32\profapi.dll

dbghelp: loaded successfully - version: 4.0.5 - missing functions: none
symbol engine: initialized successfully - sym options: 0x614 - pdb path: .;C:\Program Files\Eclipse Adoptium\jdk-17.0.17.10-hotspot\bin;C:\WINDOWS\SYSTEM32;C:\WINDOWS\WinSxS\amd64_microsoft.windows.common-controls_6595b64144ccf1df_6.0.26100.7309_none_3e05feeae336a044;C:\Program Files\Eclipse Adoptium\jdk-17.0.17.10-hotspot\bin\server

VM Arguments:
jvm_args: -javaagent:C:\Users\HIMANI~1\AppData\Local\Temp\captureAgent1jars\debugger-agent.jar=file:///C:/Users/HIMANI~1/AppData/Local/Temp/capture8936070028664956757.props -ea -Didea.test.cyclic.buffer.size=1048576 -javaagent:D:\Temp\IntelliJ IDEA 2025.3.1\lib\idea_rt.jar=51461 -Dkotlinx.coroutines.debug.enable.creation.stack.trace=false -Ddebugger.agent.enable.coroutines=true -Dkotlinx.coroutines.debug.enable.flows.stack.trace=true -Dkotlinx.coroutines.debug.enable.mutable.state.flows.stack.trace=true -Ddebugger.async.stack.trace.for.all.threads=true -Dfile.encoding=UTF-8 
java_command: com.intellij.rt.junit.JUnitStarter -ideVersion5 -junit6 com.example.roster.RoasterServiceApplicationTests,contextLoads
java_class_path (initial): C:\Users\Himani Manchanda\.m2\repository\org\junit\platform\junit-platform-launcher\6.0.2\junit-platform-launcher-6.0.2.jar;D:\Temp\IntelliJ IDEA 2025.3.1\lib\idea_rt.jar;D:\Temp\IntelliJ IDEA 2025.3.1\plugins\junit\lib\junit6-rt.jar;D:\Temp\IntelliJ IDEA 2025.3.1\plugins\junit\lib\junit5-rt.jar;D:\Temp\IntelliJ IDEA 2025.3.1\plugins\junit\lib\junit-rt.jar;C:\Users\Himani Manchanda\Downloads\appointment-booking-system\appointment-booking-system\roaster\roaster-service\target\test-classes;C:\Users\Himani Manchanda\Downloads\appointment-booking-system\appointment-booking-system\roaster\roaster-service\target\classes;C:\Users\Himani Manchanda\.m2\repository\org\springframework\boot\spring-boot-starter-actuator\4.0.2\spring-boot-starter-actuator-4.0.2.jar;C:\Users\Himani Manchanda\.m2\repository\org\springframework\boot\spring-boot-starter\4.0.2\spring-boot-starter-4.0.2.jar;C:\Users\Himani Manchanda\.m2\repository\org\springframework\boot\spring-boot-starter-logging\4.0.2\spring-boot-starter-logging-4.0.2.jar;C:\Users\Himani Manchanda\.m2\repository\ch\qos\logback\logback-classic\1.5.25\logback-classic-1.5.25.jar;C:\Users\Himani Manchanda\.m2\repository\ch\qos\logback\logback-core\1.5.25\logback-core-1.5.25.jar;C:\Users\Himani Manchanda\.m2\repository\org\apache\logging\log4j\log4j-to-slf4j\2.25.3\log4j-to-slf4j-2.25.3.jar;C:\Users\Himani Manchanda\.m2\repository\org\apache\logging\log4j\log4j-api\2.25.3\log4j-api-2.25.3.jar;C:\Users\Himani Manchanda\.m2\repository\org\slf4j\jul-to-slf4j\2.0.17\jul-to-slf4j-2.0.17.jar;C:\Users\Himani Manchanda\.m2\repository\org\springframework\boot\spring-boot-autoconfigure\4.0.2\spring-boot-autoconfigure-4.0.2.jar;C:\Users\Himani Manchanda\.m2\repository\jakarta\annotation\jakarta.annotation-api\3.0.0\jakarta.annotation-api-3.0.0.jar;C:\Users\Himani Manchanda\.m2\repository\org\yaml\snakeyaml\2.5\snakeyaml-2.5.jar;C:\Users\Himani Manchanda\.m2\repository\org\springframework\boot\spring-boot-starter-microm
Launcher Type: SUN_STANDARD

[Global flags]
     intx CICompilerCount                          = 4                                         {product} {ergonomic}
     uint ConcGCThreads                            = 3                                         {product} {ergonomic}
     uint G1ConcRefinementThreads                  = 10                                        {product} {ergonomic}
   size_t G1HeapRegionSize                         = 1048576                                   {product} {ergonomic}
    uintx GCDrainStackTargetSize                   = 64                                        {product} {ergonomic}
   size_t InitialHeapSize                          = 123731968                                 {product} {ergonomic}
   size_t MarkStackSize                            = 4194304                                   {product} {ergonomic}
   size_t MaxHeapSize                              = 1973420032                                {product} {ergonomic}
   size_t MaxNewSize                               = 1183842304                                {product} {ergonomic}
   size_t MinHeapDeltaBytes                        = 1048576                                   {product} {ergonomic}
   size_t MinHeapSize                              = 8388608                                   {product} {ergonomic}
    uintx NonNMethodCodeHeapSize                   = 5839372                                {pd product} {ergonomic}
    uintx NonProfiledCodeHeapSize                  = 122909434                              {pd product} {ergonomic}
    uintx ProfiledCodeHeapSize                     = 122909434                              {pd product} {ergonomic}
    uintx ReservedCodeCacheSize                    = 251658240                              {pd product} {ergonomic}
     bool SegmentedCodeCache                       = true                                      {product} {ergonomic}
   size_t SoftMaxHeapSize                          = 1973420032                             {manageable} {ergonomic}
     bool UseCompressedClassPointers               = true                           {product lp64_product} {ergonomic}
     bool UseCompressedOops                        = true                           {product lp64_product} {ergonomic}
     bool UseG1GC                                  = true                                      {product} {ergonomic}
     bool UseLargePagesIndividualAllocation        = false                                  {pd product} {ergonomic}

Logging:
Log output configuration:
 #0: stdout all=warning uptime,level,tags
 #1: stderr all=off uptime,level,tags

Environment Variables:
PATH=C:\Program Files\Eclipse Adoptium\jdk-17.0.17.10-hotspot\bin;C:\Program Files\Eclipse Adoptium\jdk-25.0.1.8-hotspot\bin;C:\Python313\Scripts\;C:\Python313\;C:\Program Files (x86)\CambridgeSoft\ChemOffice2015\ChemScript\Lib;C:\windows\system32;C:\windows;C:\windows\System32\Wbem;C:\windows\System32\WindowsPowerShell\v1.0\;C:\windows\System32\OpenSSH\;C:\Program Files (x86)\NVIDIA Corporation\PhysX\Common;C:\Program Files\NVIDIA Corporation\NVIDIA NvDLISR;C:\Program Files\Cloudflare\Cloudflare WARP\;C:\Program Files\dotnet\;C:\WINDOWS\system32;C:\WINDOWS;C:\WINDOWS\System32\Wbem;C:\WINDOWS\System32\WindowsPowerShell\v1.0\;C:\WINDOWS\System32\OpenSSH\;C:\ProgramData\chocolatey\bin;C:\MinGW\bin;C:\flutter\bin;C:\Program Files\nodejs\;C:\Program Files\Git\cmd;C:\Program Files\Git\bin;C:\xampp\php;C:\Users\Himani Manchanda\Downloads\apache-maven-3.9.12-bin\apache-maven-3.9.12\bin
USERNAME=Himani Manchanda
OS=Windows_NT
PROCESSOR_IDENTIFIER=AMD64 Family 25 Model 80 Stepping 0, AuthenticAMD
TMP=C:\Users\HIMANI~1\AppData\Local\Temp
TEMP=C:\Users\HIMANI~1\AppData\Local\Temp



Periodic native trim disabled


---------------  S Y S T E M  ---------------

OS:
 Windows 11 , 64 bit Build 26100 (10.0.26100.7623)
OS uptime: 0 days 16:07 hours

CPU: total 12 (initial active 12) (12 cores per cpu, 2 threads per core) family 25 model 80 stepping 0 microcode 0xa50000d, cx8, cmov, fxsr, ht, mmx, 3dnowpref, sse, sse2, sse3, ssse3, sse4a, sse4.1, sse4.2, popcnt, lzcnt, tsc, tscinvbit, avx, avx2, aes, erms, clmul, bmi1, bmi2, adx, sha, fma, vzeroupper, clflush, clflushopt
Processor Information for processor 0
  Max Mhz: 3301, Current Mhz: 3301, Mhz Limit: 3301
Processor Information for processor 1
  Max Mhz: 3301, Current Mhz: 3301, Mhz Limit: 3301
Processor Information for processor 2
  Max Mhz: 3301, Current Mhz: 3301, Mhz Limit: 3301
Processor Information for processor 3
  Max Mhz: 3301, Current Mhz: 3301, Mhz Limit: 3301
Processor Information for processor 4
  Max Mhz: 3301, Current Mhz: 3301, Mhz Limit: 3301
Processor Information for processor 5
  Max Mhz: 3301, Current Mhz: 3301, Mhz Limit: 3301
Processor Information for processor 6
  Max Mhz: 3301, Current Mhz: 3301, Mhz Limit: 3301
Processor Information for processor 7
  Max Mhz: 3301, Current Mhz: 3301, Mhz Limit: 3301
Processor Information for processor 8
  Max Mhz: 3301, Current Mhz: 1805, Mhz Limit: 3301
Processor Information for processor 9
  Max Mhz: 3301, Current Mhz: 3301, Mhz Limit: 3301
Processor Information for processor 10
  Max Mhz: 3301, Current Mhz: 3301, Mhz Limit: 3301
Processor Information for processor 11
  Max Mhz: 3301, Current Mhz: 1805, Mhz Limit: 3301

Memory: 4k page, system-wide physical 7521M (929M free)
TotalPageFile size 18387M (AvailPageFile size 208M)
current process WorkingSet (physical memory assigned to process): 32M, peak: 32M
current process commit charge ("private bytes"): 198M, peak: 198M

vm_info: OpenJDK 64-Bit Server VM (17.0.17+10) for windows-amd64 JRE (17.0.17+10), built on Oct 21 2025 23:25:32 by "admin" with unknown MS VC++:1942

END.
